0 slivers=2  ["trk", "/I2C_SCL_INT", 0, 6150000, 86300000, 22600000, 90750000, 200000]
1 slivers=2  ["trk", "/I2C_SCL_INT", 0, 60150000, 136100000, 60162500, 136100000, 200000]
2 slivers=2  ["trk", "/I2C_SCL_INT", 0, 49800000, 127650000, 51350000, 129200000, 200000]
3 slivers=2  ["trk", "/I2C_SCL_INT", 0, 60150000, 136100000, 60200000, 136150000, 200000]
4 slivers=2  ["trk", "/I2C_SCL_INT", 0, 51350000, 129200000, 56250000, 130450000, 200000]
5 slivers=2  ["via", "/I2C_SCL_INT", 56250000, 130450000, 600000, 300000]
6 slivers=2  ["via", "/I2C_SCL_INT", 60200000, 136150000, 600000, 300000]
7 slivers=2  ["via", "/I2C_SCL_INT", 46900000, 124750000, 600000, 300000]
8 slivers=2  ["via", "/I2C_SCL_INT", 22600000, 90750000, 600000, 300000]
9 slivers=2  ["via", "/I2C_SCL_INT", 6150000, 86300000, 600000, 300000]
10 slivers=2  ["via", "/I2C_SCL_INT", 49800000, 127650000, 600000, 300000]
11 slivers=2  ["via", "/I2C_SCL_INT", 33500000, 99850000, 600000, 300000]
12 slivers=2  ["trk", "/I2C_SCL_INT", 2, 22400000, 91100000, 22600000, 90750000, 200000]
13 slivers=2  ["trk", "/I2C_SCL_INT", 2, 3575000, 82800000, 3687500, 82837500, 200000]
14 slivers=0  ["trk", "/I2C_SCL_INT", 2, 56250000, 130450000, 60200000, 136150000, 200000]
15 slivers=2  ["trk", "/I2C_SCL_INT", 2, 3812500, 82937500, 4000000, 83150000, 200000]
16 slivers=2  ["trk", "/I2C_SCL_INT", 2, 3900000, 83600000, 4000000, 83150000, 200000]
17 slivers=2  ["trk", "/I2C_SCL_INT", 2, 46900000, 124750000, 49800000, 127650000, 200000]
18 slivers=2  ["trk", "/I2C_SCL_INT", 2, 3475000, 82800000, 3575000, 82800000, 200000]
19 slivers=2  ["trk", "/I2C_SCL_INT", 2, 22400000, 91100000, 26100000, 95150000, 200000]
20 slivers=2  ["trk", "/I2C_SCL_INT", 2, 3687500, 82837500, 3812500, 82937500, 200000]
