./kicad/include/properties/property.h(607): assert "m_choices.GetCount() > 0" failed in PROPERTY_ENUM(): No enum choices defined
./kicad/include/properties/property.h(607): assert "m_choices.GetCount() > 0" failed in PROPERTY_ENUM(): No enum choices defined
./kicad/include/properties/property.h(607): assert "m_choices.GetCount() > 0" failed in PROPERTY_ENUM(): No enum choices defined
00:18:03: Debug: Adding duplicate image handler for 'PNG file'
00:18:03: Debug: Adding duplicate image handler for 'JPEG file'
00:18:03: Debug: Adding duplicate image handler for 'TIFF file'
00:18:03: Debug: Adding duplicate image handler for 'GIF file'
00:18:03: Debug: Adding duplicate image handler for 'PNM file'
00:18:03: Debug: Adding duplicate image handler for 'PCX file'
00:18:03: Debug: Adding duplicate image handler for 'IFF file'
00:18:03: Debug: Adding duplicate image handler for 'Windows icon file'
00:18:03: Debug: Adding duplicate image handler for 'Windows cursor file'
00:18:03: Debug: Adding duplicate image handler for 'Windows animated cursor file'
00:18:03: Debug: Adding duplicate image handler for 'TGA file'
00:18:03: Debug: Adding duplicate image handler for 'XPM file'
00:18:03: Debug: Adding duplicate image handler for 'PNG file'
00:18:03: Debug: Adding duplicate image handler for 'JPEG file'
00:18:03: Debug: Adding duplicate image handler for 'TIFF file'
00:18:03: Debug: Adding duplicate image handler for 'GIF file'
00:18:03: Debug: Adding duplicate image handler for 'PNM file'
00:18:03: Debug: Adding duplicate image handler for 'PCX file'
00:18:03: Debug: Adding duplicate image handler for 'IFF file'
00:18:03: Debug: Adding duplicate image handler for 'Windows icon file'
00:18:03: Debug: Adding duplicate image handler for 'Windows cursor file'
00:18:03: Debug: Adding duplicate image handler for 'Windows animated cursor file'
00:18:03: Debug: Adding duplicate image handler for 'TGA file'
00:18:03: Debug: Adding duplicate image handler for 'XPM file'
00:18:04: Debug: Adding duplicate image handler for 'PNG file'
00:18:04: Debug: Adding duplicate image handler for 'JPEG file'
00:18:04: Debug: Adding duplicate image handler for 'TIFF file'
00:18:04: Debug: Adding duplicate image handler for 'GIF file'
00:18:04: Debug: Adding duplicate image handler for 'PNM file'
00:18:04: Debug: Adding duplicate image handler for 'PCX file'
00:18:04: Debug: Adding duplicate image handler for 'IFF file'
00:18:04: Debug: Adding duplicate image handler for 'Windows icon file'
00:18:04: Debug: Adding duplicate image handler for 'Windows cursor file'
00:18:04: Debug: Adding duplicate image handler for 'Windows animated cursor file'
00:18:04: Debug: Adding duplicate image handler for 'TGA file'
00:18:04: Debug: Adding duplicate image handler for 'XPM file'
00:18:04: Debug: Adding duplicate image handler for 'PNG file'
00:18:04: Debug: Adding duplicate image handler for 'JPEG file'
00:18:04: Debug: Adding duplicate image handler for 'TIFF file'
00:18:04: Debug: Adding duplicate image handler for 'GIF file'
00:18:04: Debug: Adding duplicate image handler for 'PNM file'
00:18:04: Debug: Adding duplicate image handler for 'PCX file'
00:18:04: Debug: Adding duplicate image handler for 'IFF file'
00:18:04: Debug: Adding duplicate image handler for 'Windows icon file'
00:18:04: Debug: Adding duplicate image handler for 'Windows cursor file'
00:18:04: Debug: Adding duplicate image handler for 'Windows animated cursor file'
00:18:04: Debug: Adding duplicate image handler for 'TGA file'
00:18:04: Debug: Adding duplicate image handler for 'XPM file'
00:18:05: Debug: Adding duplicate image handler for 'PNG file'
00:18:05: Debug: Adding duplicate image handler for 'JPEG file'
00:18:05: Debug: Adding duplicate image handler for 'TIFF file'
00:18:05: Debug: Adding duplicate image handler for 'GIF file'
00:18:05: Debug: Adding duplicate image handler for 'PNM file'
00:18:05: Debug: Adding duplicate image handler for 'PCX file'
00:18:05: Debug: Adding duplicate image handler for 'IFF file'
00:18:05: Debug: Adding duplicate image handler for 'Windows icon file'
00:18:05: Debug: Adding duplicate image handler for 'Windows cursor file'
00:18:05: Debug: Adding duplicate image handler for 'Windows animated cursor file'
00:18:05: Debug: Adding duplicate image handler for 'TGA file'
00:18:05: Debug: Adding duplicate image handler for 'XPM file'
00:18:06: Debug: Adding duplicate image handler for 'PNG file'
00:18:06: Debug: Adding duplicate image handler for 'JPEG file'
00:18:06: Debug: Adding duplicate image handler for 'TIFF file'
00:18:06: Debug: Adding duplicate image handler for 'GIF file'
00:18:06: Debug: Adding duplicate image handler for 'PNM file'
00:18:06: Debug: Adding duplicate image handler for 'PCX file'
00:18:06: Debug: Adding duplicate image handler for 'IFF file'
00:18:06: Debug: Adding duplicate image handler for 'Windows icon file'
00:18:06: Debug: Adding duplicate image handler for 'Windows cursor file'
00:18:06: Debug: Adding duplicate image handler for 'Windows animated cursor file'
00:18:06: Debug: Adding duplicate image handler for 'TGA file'
00:18:06: Debug: Adding duplicate image handler for 'XPM file'
RESULT PP1 ok True new [] retired ['/01_POWER_TREE/BQ25185_SYS|B|4ad6fd49-a7ee-5f03-a8e4-f021f24e1091'] unclaimed [] control True
RESULT PP2 ok True refused []
  FRAG ['C27.2', 'R36.2'] 46.48 True BOND_PRICED_PER_PAD_AND_AT_THE_RETURN_BOUNDARY
RESULT PP3 True PP4 True
